Archive member included because of file (symbol)

c:/siliconlabs/simplicitystudio/v3/developer/toolchains/gnu_arm/4.8_2013q4/bin/../lib/gcc/arm-none-eabi/4.8.3/armv7-m\libgcc.a(_arm_addsubdf3.o)
                              ./src/main.o (__aeabi_dsub)
c:/siliconlabs/simplicitystudio/v3/developer/toolchains/gnu_arm/4.8_2013q4/bin/../lib/gcc/arm-none-eabi/4.8.3/armv7-m\libgcc.a(_arm_muldivdf3.o)
                              ./src/main.o (__aeabi_dmul)
c:/siliconlabs/simplicitystudio/v3/developer/toolchains/gnu_arm/4.8_2013q4/bin/../lib/gcc/arm-none-eabi/4.8.3/armv7-m\libgcc.a(_arm_fixunsdfsi.o)
                              ./src/main.o (__aeabi_d2uiz)
c:/siliconlabs/simplicitystudio/v3/developer/toolchains/gnu_arm/4.8_2013q4/bin/../lib/gcc/arm-none-eabi/4.8.3/armv7-m\libgcc.a(_arm_addsubsf3.o)
                              ./src/main.o (__aeabi_fsub)
c:/siliconlabs/simplicitystudio/v3/developer/toolchains/gnu_arm/4.8_2013q4/bin/../lib/gcc/arm-none-eabi/4.8.3/armv7-m\libgcc.a(_arm_muldivsf3.o)
                              ./src/main.o (__aeabi_fmul)
c:/siliconlabs/simplicitystudio/v3/developer/toolchains/gnu_arm/4.8_2013q4/bin/../lib/gcc/arm-none-eabi/4.8.3/armv7-m\libgcc.a(_arm_cmpsf2.o)
                              ./src/main.o (__aeabi_fcmpeq)
c:/siliconlabs/simplicitystudio/v3/developer/toolchains/gnu_arm/4.8_2013q4/bin/../lib/gcc/arm-none-eabi/4.8.3/armv7-m\libgcc.a(_arm_fixunssfsi.o)
                              ./src/main.o (__aeabi_f2uiz)
c:/siliconlabs/simplicitystudio/v3/developer/toolchains/gnu_arm/4.8_2013q4/bin/../lib/gcc/arm-none-eabi/4.8.3/armv7-m\libgcc.a(_aeabi_uldivmod.o)
                              ./emlib/em_usart.o (__aeabi_uldivmod)
c:/siliconlabs/simplicitystudio/v3/developer/toolchains/gnu_arm/4.8_2013q4/bin/../lib/gcc/arm-none-eabi/4.8.3/armv7-m\libgcc.a(bpabi.o)
                              c:/siliconlabs/simplicitystudio/v3/developer/toolchains/gnu_arm/4.8_2013q4/bin/../lib/gcc/arm-none-eabi/4.8.3/armv7-m\libgcc.a(_aeabi_uldivmod.o) (__gnu_uldivmod_helper)
c:/siliconlabs/simplicitystudio/v3/developer/toolchains/gnu_arm/4.8_2013q4/bin/../lib/gcc/arm-none-eabi/4.8.3/armv7-m\libgcc.a(_dvmd_tls.o)
                              c:/siliconlabs/simplicitystudio/v3/developer/toolchains/gnu_arm/4.8_2013q4/bin/../lib/gcc/arm-none-eabi/4.8.3/armv7-m\libgcc.a(_aeabi_uldivmod.o) (__aeabi_ldiv0)
c:/siliconlabs/simplicitystudio/v3/developer/toolchains/gnu_arm/4.8_2013q4/bin/../lib/gcc/arm-none-eabi/4.8.3/armv7-m\libgcc.a(_divdi3.o)
                              c:/siliconlabs/simplicitystudio/v3/developer/toolchains/gnu_arm/4.8_2013q4/bin/../lib/gcc/arm-none-eabi/4.8.3/armv7-m\libgcc.a(bpabi.o) (__divdi3)
c:/siliconlabs/simplicitystudio/v3/developer/toolchains/gnu_arm/4.8_2013q4/bin/../lib/gcc/arm-none-eabi/4.8.3/armv7-m\libgcc.a(_udivdi3.o)
                              c:/siliconlabs/simplicitystudio/v3/developer/toolchains/gnu_arm/4.8_2013q4/bin/../lib/gcc/arm-none-eabi/4.8.3/armv7-m\libgcc.a(bpabi.o) (__udivdi3)
c:/siliconlabs/simplicitystudio/v3/developer/toolchains/gnu_arm/4.8_2013q4/bin/../lib/gcc/arm-none-eabi/4.8.3/../../../../arm-none-eabi/lib/armv7-m\libc_s.a(lib_a-exit.o)
                              c:/siliconlabs/simplicitystudio/v3/developer/toolchains/gnu_arm/4.8_2013q4/bin/../lib/gcc/arm-none-eabi/4.8.3/../../../../arm-none-eabi/lib/armv7-m/crt0.o (exit)
c:/siliconlabs/simplicitystudio/v3/developer/toolchains/gnu_arm/4.8_2013q4/bin/../lib/gcc/arm-none-eabi/4.8.3/../../../../arm-none-eabi/lib/armv7-m\libc_s.a(lib_a-impure.o)
                              c:/siliconlabs/simplicitystudio/v3/developer/toolchains/gnu_arm/4.8_2013q4/bin/../lib/gcc/arm-none-eabi/4.8.3/../../../../arm-none-eabi/lib/armv7-m\libc_s.a(lib_a-exit.o) (_global_impure_ptr)
c:/siliconlabs/simplicitystudio/v3/developer/toolchains/gnu_arm/4.8_2013q4/bin/../lib/gcc/arm-none-eabi/4.8.3/../../../../arm-none-eabi/lib/armv7-m\libc_s.a(lib_a-init.o)
                              c:/siliconlabs/simplicitystudio/v3/developer/toolchains/gnu_arm/4.8_2013q4/bin/../lib/gcc/arm-none-eabi/4.8.3/../../../../arm-none-eabi/lib/armv7-m/crt0.o (__libc_init_array)
c:/siliconlabs/simplicitystudio/v3/developer/toolchains/gnu_arm/4.8_2013q4/bin/../lib/gcc/arm-none-eabi/4.8.3/../../../../arm-none-eabi/lib/armv7-m\libc_s.a(lib_a-memcpy-stub.o)
                              ./src/main.o (memcpy)
c:/siliconlabs/simplicitystudio/v3/developer/toolchains/gnu_arm/4.8_2013q4/bin/../lib/gcc/arm-none-eabi/4.8.3/../../../../arm-none-eabi/lib/armv7-m\libc_s.a(lib_a-memset.o)
                              c:/siliconlabs/simplicitystudio/v3/developer/toolchains/gnu_arm/4.8_2013q4/bin/../lib/gcc/arm-none-eabi/4.8.3/../../../../arm-none-eabi/lib/armv7-m/crt0.o (memset)
c:/siliconlabs/simplicitystudio/v3/developer/toolchains/gnu_arm/4.8_2013q4/bin/../lib/gcc/arm-none-eabi/4.8.3/../../../../arm-none-eabi/lib/armv7-m\libnosys.a(_exit.o)
[...]
Memory Configuration

Name             Origin             Length             Attributes
FLASH            0x00000000         0x00040000         xr
RAM              0x20000000         0x00008000         xrw
*default*        0x00000000         0xffffffff

Linker script and memory map

LOAD c:/siliconlabs/simplicitystudio/v3/developer/toolchains/gnu_arm/4.8_2013q4/bin/../lib/gcc/arm-none-eabi/4.8.3/armv7-m/crti.o
LOAD c:/siliconlabs/simplicitystudio/v3/developer/toolchains/gnu_arm/4.8_2013q4/bin/../lib/gcc/arm-none-eabi/4.8.3/armv7-m/crtbegin.o
LOAD c:/siliconlabs/simplicitystudio/v3/developer/toolchains/gnu_arm/4.8_2013q4/bin/../lib/gcc/arm-none-eabi/4.8.3/../../../../arm-none-eabi/lib/armv7-m/crt0.o
LOAD ./src/InitDevice.o
LOAD ./src/dmactrl.o
LOAD ./src/main.o
LOAD ./emlib/em_acmp.o
LOAD ./emlib/em_adc.o
LOAD ./emlib/em_aes.o
LOAD ./emlib/em_assert.o
LOAD ./emlib/em_burtc.o
LOAD ./emlib/em_cmu.o
LOAD ./emlib/em_cryotimer.o
LOAD ./emlib/em_crypto.o
LOAD ./emlib/em_dac.o
LOAD ./emlib/em_dbg.o
LOAD ./emlib/em_dma.o
LOAD ./emlib/em_ebi.o
LOAD ./emlib/em_emu.o
LOAD ./emlib/em_gpcrc.o
LOAD ./emlib/em_gpio.o
LOAD ./emlib/em_i2c.o
LOAD ./emlib/em_idac.o
LOAD ./emlib/em_int.o
LOAD ./emlib/em_lcd.o
LOAD ./emlib/em_ldma.o
LOAD ./emlib/em_lesense.o
LOAD ./emlib/em_letimer.o
LOAD ./emlib/em_leuart.o
LOAD ./emlib/em_mpu.o
LOAD ./emlib/em_msc.o
LOAD ./emlib/em_opamp.o
LOAD ./emlib/em_pcnt.o
LOAD ./emlib/em_prs.o
LOAD ./emlib/em_rmu.o
LOAD ./emlib/em_rtc.o
LOAD ./emlib/em_rtcc.o
LOAD ./emlib/em_system.o
LOAD ./emlib/em_timer.o
LOAD ./emlib/em_usart.o
LOAD ./emlib/em_vcmp.o
LOAD ./emlib/em_wdog.o
LOAD ./CMSIS/efm32lg/startup_gcc_efm32lg.o
LOAD ./CMSIS/efm32lg/system_efm32lg.o
START GROUP
LOAD c:/siliconlabs/simplicitystudio/v3/developer/toolchains/gnu_arm/4.8_2013q4/bin/../lib/gcc/arm-none-eabi/4.8.3/armv7-m\libgcc.a
LOAD c:/siliconlabs/simplicitystudio/v3/developer/toolchains/gnu_arm/4.8_2013q4/bin/../lib/gcc/arm-none-eabi/4.8.3/../../../../arm-none-eabi/lib/armv7-m\libc_s.a
LOAD c:/siliconlabs/simplicitystudio/v3/developer/toolchains/gnu_arm/4.8_2013q4/bin/../lib/gcc/arm-none-eabi/4.8.3/../../../../arm-none-eabi/lib/armv7-m\libnosys.a
END GROUP
START GROUP
LOAD c:/siliconlabs/simplicitystudio/v3/developer/toolchains/gnu_arm/4.8_2013q4/bin/../lib/gcc/arm-none-eabi/4.8.3/armv7-m\libgcc.a
LOAD c:/siliconlabs/simplicitystudio/v3/developer/toolchains/gnu_arm/4.8_2013q4/bin/../lib/gcc/arm-none-eabi/4.8.3/../../../../arm-none-eabi/lib/armv7-m\libg_s.a
LOAD c:/siliconlabs/simplicitystudio/v3/developer/toolchains/gnu_arm/4.8_2013q4/bin/../lib/gcc/arm-none-eabi/4.8.3/../../../../arm-none-eabi/lib/armv7-m\libc_s.a
END GROUP
START GROUP
LOAD c:/siliconlabs/simplicitystudio/v3/developer/toolchains/gnu_arm/4.8_2013q4/bin/../lib/gcc/arm-none-eabi/4.8.3/armv7-m\libgcc.a
LOAD c:/siliconlabs/simplicitystudio/v3/developer/toolchains/gnu_arm/4.8_2013q4/bin/../lib/gcc/arm-none-eabi/4.8.3/../../../../arm-none-eabi/lib/armv7-m\libc_s.a
END GROUP
LOAD c:/siliconlabs/simplicitystudio/v3/developer/toolchains/gnu_arm/4.8_2013q4/bin/../lib/gcc/arm-none-eabi/4.8.3/armv7-m/crtend.o
LOAD c:/siliconlabs/simplicitystudio/v3/developer/toolchains/gnu_arm/4.8_2013q4/bin/../lib/gcc/arm-none-eabi/4.8.3/armv7-m/crtn.o

.text           0x00000000     0x6054
 *(.vectors)
 .vectors       0x00000000       0xe0 ./CMSIS/efm32lg/startup_gcc_efm32lg.o
                0x00000000                __Vectors
                0x000000e0                __Vectors_End = .
                0x000000e0                __Vectors_Size = (__Vectors_End - __Vectors)
                0x000000e0                __end__ = .
 *(.text*)
 .text          0x000000e0       0x54 c:/siliconlabs/simplicitystudio/v3/developer/toolchains/gnu_arm/4.8_2013q4/bin/../lib/gcc/arm-none-eabi/4.8.3/armv7-m/crtbegin.o
 .text          0x00000134       0x74 c:/siliconlabs/simplicitystudio/v3/developer/toolchains/gnu_arm/4.8_2013q4/bin/../lib/gcc/arm-none-eabi/4.8.3/../../../../arm-none-eabi/lib/armv7-m/crt0.o
                0x00000134                _start
                0x00000134                _mainCRTStartup
 .text.NVIC_EnableIRQ
                0x000001a8       0x30 ./src/main.o
 .text.NVIC_DisableIRQ
                0x000001d8       0x34 ./src/main.o
 .text.NVIC_ClearPendingIRQ
                0x0000020c       0x34 ./src/main.o
 .text.GPIO_IntClear
                0x00000240       0x20 ./src/main.o
 .text.GPIO_PinOutClear
                0x00000260       0x58 ./src/main.o
 .text.GPIO_PinOutSet
                0x000002b8       0x58 ./src/main.o
 .text.GPIO_IntConfig
                0x00000310       0x2c ./src/main.o
 .text.EMU_EnterEM1
                0x0000033c       0x20 ./src/main.o
 .text.LETIMER_IntClear
                0x0000035c       0x1c ./src/main.o
 .text.LETIMER_IntEnable
                0x00000378       0x20 ./src/main.o
 .text.INT_Disable
                0x00000398       0x2c ./src/main.o
 .text.INT_Enable
                0x000003c4       0x3c ./src/main.o
 .text.ACMP_IntDisable
                0x00000400       0x24 ./src/main.o
 .text.ACMP_IntEnable
                0x00000424       0x20 ./src/main.o
 .text.ADC_Start
                0x00000444       0x1c ./src/main.o
 .text.LedSet   0x00000460       0x38 ./src/main.o
                0x00000460                LedSet
 .text.LedClear
                0x00000498       0x38 ./src/main.o
                0x00000498                LedClear
 .text.LedsInit
                0x000004d0       0x4c ./src/main.o
                0x000004d0                LedsInit
 .text.ACMPInit
                0x0000051c       0x68 ./src/main.o
                0x0000051c                ACMPInit
 .text.I2C1_EXTERNAL_GESTURE_SENSOR_GPIO_interrupt_setup
                0x00000584       0x38 ./src/main.o
                0x00000584                I2C1_EXTERNAL_GESTURE_SENSOR_GPIO_interrupt_setup
 .text.setup_external_colorsensor
                0x000005bc       0x50 ./src/main.o
                0x000005bc                setup_external_colorsensor
 .text.disable_Gesture_sensor_I2C1
                0x0000060c       0x2c ./src/main.o
                0x0000060c                disable_Gesture_sensor_I2C1
 .text.setupI2C
                0x00000638       0x60 ./src/main.o
                0x00000638                setupI2C
 .text.setupI2C1
                0x00000698       0x60 ./src/main.o
                0x00000698                setupI2C1
 .text.I2C1_datareceive_byte
                0x000006f8       0x9c ./src/main.o
                0x000006f8                I2C1_datareceive_byte
 .text.I2C1_datatransfer_byte
                0x00000794       0x74 ./src/main.o
                0x00000794                I2C1_datatransfer_byte
 .text.I2C1_clear_interrupt
                0x00000808       0x58 ./src/main.o
                0x00000808                I2C1_clear_interrupt
 .text.I2C_datatransfer_byte
                0x00000860       0x74 ./src/main.o
                0x00000860                I2C_datatransfer_byte
 .text.I2C1_external_gesturesensor_abort
                0x000008d4       0x24 ./src/main.o
                0x000008d4                I2C1_external_gesturesensor_abort
 .text.I2C_external_lightsensor_abort
                0x000008f8       0x24 ./src/main.o
                0x000008f8                I2C_external_lightsensor_abort
 .text.I2C_datareceive_word
                0x0000091c       0xb4 ./src/main.o
                0x0000091c                I2C_datareceive_word
 .text.Enable_gpiopins
                0x000009d0       0x2c ./src/main.o
                0x000009d0                Enable_gpiopins
 .text.Disable_gpiopins
                0x000009fc       0x2c ./src/main.o
                0x000009fc                Disable_gpiopins
 .text.External_LightSensorGpio
                0x00000a28       0x24 ./src/main.o
                0x00000a28                External_LightSensorGpio
 .text.I2C_EXTERNAL_LIGHTSENSOR_GPIO_interrupt_setup
                0x00000a4c       0x40 ./src/main.o
                0x00000a4c                I2C_EXTERNAL_LIGHTSENSOR_GPIO_interrupt_setup
 .text.setup_external_lightsensor
                0x00000a8c       0x5c ./src/main.o
                0x00000a8c                setup_external_lightsensor
 .text.I2C_EXTERNAL_LIGHTSENSOR_clear_interrupt
                0x00000ae8       0x50 ./src/main.o
                0x00000ae8                I2C_EXTERNAL_LIGHTSENSOR_clear_interrupt
 .text.initLeuart
                0x00000b38       0x84 ./src/main.o
                0x00000b38                initLeuart
 .text.delay_classic_transmit
                0x00000bbc       0x3c ./src/main.o
                0x00000bbc                delay_classic_transmit
 .text.transmit_leuart_ble
                0x00000bf8      0x108 ./src/main.o
                0x00000bf8                transmit_leuart_ble
 .text.check_raghu
                0x00000d00       0xa0 ./src/main.o
                0x00000d00                check_raghu
 .text.transmit_leuart_classic_end_mode
                0x00000da0       0x44 ./src/main.o
                0x00000da0                transmit_leuart_classic_end_mode
 .text.LEUART0_IRQHandler
                0x00000de4      0x2b8 ./src/main.o
                0x00000de4                LEUART0_IRQHandler
 .text.transmit_leuart_ble_temperature
                0x0000109c       0x6c ./src/main.o
                0x0000109c                transmit_leuart_ble_temperature
 .text.transmit_leuart_classic_scan_mode
                0x00001108       0x44 ./src/main.o
                0x00001108                transmit_leuart_classic_scan_mode
 .text.transmit_leuart_classic_command_mode
                0x0000114c       0x44 ./src/main.o
                0x0000114c                transmit_leuart_classic_command_mode
 .text.transmit_leuart_ble_light_on
                0x00001190       0x30 ./src/main.o
                0x00001190                transmit_leuart_ble_light_on
 .text.transmit_leuart_ble_light_off
                0x000011c0       0x30 ./src/main.o
                0x000011c0                transmit_leuart_ble_light_off
 .text.LESENSE_ScanResultDataBufferGet
                0x000011f0       0x28 ./src/main.o
 .text.LESENSE_IntClear
                0x00001218       0x1c ./src/main.o
 .text.LESENSE_IntGet
                0x00001234       0x18 ./src/main.o
 .text.LETOUCH_Init
                0x0000124c       0xdc ./src/main.o
                0x0000124c                LETOUCH_Init
 .text.LETOUCH_GetChannelsTouched
                0x00001328       0x18 ./src/main.o
                0x00001328                LETOUCH_GetChannelsTouched
 .text.LETOUCH_setupCMU
                0x00001340       0x44 ./src/main.o
 .text.LETOUCH_setupACMP
                0x00001384       0x18 ./src/main.o
 .text.LETOUCH_setupLESENSE
                0x0000139c       0x6c ./src/main.o
 .text.LETOUCH_setupGPIO
                0x00001408       0x44 ./src/main.o
 .text.LETOUCH_Calibration
                0x0000144c      0x1b8 ./src/main.o
                0x0000144c                LETOUCH_Calibration
 .text.GetMaxValue
                0x00001604       0x50 ./src/main.o
 .text.GetMinValue
                0x00001654       0x54 ./src/main.o
 .text.lc_lesense_main
                0x000016a8       0x40 ./src/main.o
                0x000016a8                lc_lesense_main
 .text.ConvertToCelsius
                0x000016e8       0x70 ./src/main.o
                0x000016e8                ConvertToCelsius
 .text.ADC_Config
                0x00001758       0x9c ./src/main.o
 .text.LETIMER_time
                0x000017f4       0xe4 ./src/main.o
                0x000017f4                LETIMER_time
 .text.LETIMER_setup
                0x000018d8       0xe0 ./src/main.o
                0x000018d8                LETIMER_setup
 .text.Load_power_management_lightsensor_enable
                0x000019b8       0x30 ./src/main.o
                0x000019b8                Load_power_management_lightsensor_enable
 .text.Load_power_management_lightsensor_disable
                0x000019e8       0x28 ./src/main.o
                0x000019e8                Load_power_management_lightsensor_disable
 .text.blockSleepMode
                0x00001a10       0x2c ./src/main.o
                0x00001a10                blockSleepMode
 .text.unblockSleepMode
                0x00001a3c       0x38 ./src/main.o
                0x00001a3c                unblockSleepMode
 .text.sleep    0x00001a74       0x48 ./src/main.o
                0x00001a74                sleep
 .text.clear_sleep
                0x00001abc       0x34 ./src/main.o
                0x00001abc                clear_sleep
 .text.calibrate
                0x00001af0      0x260 ./src/main.o
                0x00001af0                calibrate
 .text.ADCdmaTransferDone
                0x00001d50       0xd8 ./src/main.o
                0x00001d50                ADCdmaTransferDone
 .text.DMAConfig
                0x00001e28       0xbc ./src/main.o
 .text.delay_3ms
                0x00001ee4       0x30 ./src/main.o
                0x00001ee4                delay_3ms
 .text.disable_mode2_lesense
                0x00001f14       0x18 ./src/main.o
                0x00001f14                disable_mode2_lesense
 .text.enable_mode2_lesense
                0x00001f2c       0x18 ./src/main.o
                0x00001f2c                enable_mode2_lesense
 .text.disable_acmp0
                0x00001f44       0x18 ./src/main.o
                0x00001f44                disable_acmp0
 .text.disable_leuart
                0x00001f5c       0x18 ./src/main.o
                0x00001f5c                disable_leuart
 .text.disable_letimer
                0x00001f74       0x18 ./src/main.o
                0x00001f74                disable_letimer
 .text.disable_adc
                0x00001f8c       0x18 ./src/main.o
                0x00001f8c                disable_adc
 .text.disable_dma
                0x00001fa4       0x18 ./src/main.o
                0x00001fa4                disable_dma
 .text.disable_I2C
                0x00001fbc       0x14 ./src/main.o
                0x00001fbc                disable_I2C
 .text.disable_power_light_sensor
                0x00001fd0        0xc ./src/main.o
                0x00001fd0                disable_power_light_sensor
 .text.LETIMER0_IRQHandler
                0x00001fdc      0x108 ./src/main.o
                0x00001fdc                LETIMER0_IRQHandler
 .text.GPIO_ODD_IRQHandler
                0x000020e4       0x68 ./src/main.o
                0x000020e4                GPIO_ODD_IRQHandler
 .text.ACMP0_IRQHandler
                0x0000214c       0x3c ./src/main.o
                0x0000214c                ACMP0_IRQHandler
 .text.LESENSE_IRQHandler
                0x00002188      0x200 ./src/main.o
                0x00002188                LESENSE_IRQHandler
 .text.GPIO_EVEN_IRQHandler
                0x00002388      0x1a4 ./src/main.o
                0x00002388                GPIO_EVEN_IRQHandler
 .text.main     0x0000252c       0x34 ./src/main.o
                0x0000252c                main
 .text.BUS_RegBitWrite
                0x00002560       0x2c ./emlib/em_acmp.o
 .text.ACMP_CapsenseInit
                0x0000258c       0x8c ./emlib/em_acmp.o
                0x0000258c                ACMP_CapsenseInit
 .text.ACMP_ChannelSet
                0x00002618       0x4c ./emlib/em_acmp.o
                0x00002618                ACMP_ChannelSet
 .text.ACMP_Init
                0x00002664       0xa0 ./emlib/em_acmp.o
                0x00002664                ACMP_Init
 .text.ADC_LoadDevinfoCal
                0x00002704      0x120 ./emlib/em_adc.o
 .text.ADC_Init
                0x00002824       0x88 ./emlib/em_adc.o
                0x00002824                ADC_Init
 .text.ADC_InitSingle
                0x000028ac       0x98 ./emlib/em_adc.o
                0x000028ac                ADC_InitSingle
 .text.ADC_PrescaleCalc
                0x00002944       0x64 ./emlib/em_adc.o
                0x00002944                ADC_PrescaleCalc
 .text.ADC_TimebaseCalc
                0x000029a8       0x60 ./emlib/em_adc.o
                0x000029a8                ADC_TimebaseCalc
 .text.BUS_RegBitWrite
                0x00002a08       0x2c ./emlib/em_cmu.o
 .text.BUS_RegBitRead
                0x00002a34       0x2c ./emlib/em_cmu.o
 .text.CMU_DivToLog2
                0x00002a60       0x34 ./emlib/em_cmu.o
 .text.SYSTEM_GetProdRev
                0x00002a94       0x1c ./emlib/em_cmu.o
 .text.SYSTEM_GetFamily
                0x00002ab0       0x20 ./emlib/em_cmu.o
 .text.maxFreqHfle
                0x00002ad0       0x78 ./emlib/em_cmu.o
 .text.setHfLeConfig
                0x00002b48       0x3c ./emlib/em_cmu.o
 .text.getHfLeConfig
                0x00002b84       0x2c ./emlib/em_cmu.o
 .text.auxClkGet
                0x00002bb0       0xb0 ./emlib/em_cmu.o
 .text.dbgClkGet
                0x00002c60       0x40 ./emlib/em_cmu.o
 .text.flashWaitStateControl
                0x00002ca0       0xb8 ./emlib/em_cmu.o
 .text.flashWaitStateMax
                0x00002d58       0x14 ./emlib/em_cmu.o
 .text.lfClkGet
                0x00002d6c       0xec ./emlib/em_cmu.o
 .text.syncReg  0x00002e58       0x34 ./emlib/em_cmu.o
 .text.usbCClkGet
                0x00002e8c       0x4c ./emlib/em_cmu.o
 .text.CMU_ClockEnable
                0x00002ed8       0xd8 ./emlib/em_cmu.o
                0x00002ed8                CMU_ClockEnable
 .text.CMU_ClockFreqGet
                0x00002fb0      0x1d8 ./emlib/em_cmu.o
                0x00002fb0                CMU_ClockFreqGet
 .text.CMU_ClockSelectGet
                0x00003188      0x15c ./emlib/em_cmu.o
                0x00003188                CMU_ClockSelectGet
 .text.CMU_ClockSelectSet
                0x000032e4      0x2b8 ./emlib/em_cmu.o
                0x000032e4                CMU_ClockSelectSet
 .text.CMU_OscillatorEnable
                0x0000359c       0xc0 ./emlib/em_cmu.o
                0x0000359c                CMU_OscillatorEnable
 .text.NVIC_EnableIRQ
                0x0000365c       0x30 ./emlib/em_dma.o
 .text.NVIC_DisableIRQ
                0x0000368c       0x34 ./emlib/em_dma.o
 .text.NVIC_ClearPendingIRQ
                0x000036c0       0x34 ./emlib/em_dma.o
 .text.BUS_RegBitWrite
                0x000036f4       0x2c ./emlib/em_dma.o
 .text.DMA_Prepare
                0x00003720      0x108 ./emlib/em_dma.o
 .text.DMA_IRQHandler
                0x00003828       0xd8 ./emlib/em_dma.o
                0x00003828                DMA_IRQHandler
 .text.DMA_ActivateBasic
                0x00003900       0x40 ./emlib/em_dma.o
                0x00003900                DMA_ActivateBasic
 .text.DMA_CfgChannel
                0x00003940       0x90 ./emlib/em_dma.o
                0x00003940                DMA_CfgChannel
 .text.DMA_CfgDescr
                0x000039d0       0x70 ./emlib/em_dma.o
                0x000039d0                DMA_CfgDescr
 .text.DMA_Init
                0x00003a40       0x54 ./emlib/em_dma.o
                0x00003a40                DMA_Init
 .text.DMA_Reset
                0x00003a94       0x88 ./emlib/em_dma.o
                0x00003a94                DMA_Reset
 .text.SystemCoreClockUpdate
                0x00003b1c        0xc ./emlib/em_emu.o
 .text.EMU_Unlock
                0x00003b28       0x18 ./emlib/em_emu.o
 .text.CMU_Lock
                0x00003b40       0x18 ./emlib/em_emu.o
 .text.CMU_Unlock
                0x00003b58       0x1c ./emlib/em_emu.o
 .text.emuRestore
                0x00003b74       0xf0 ./emlib/em_emu.o
 .text.getErrataFixEmuE107En
                0x00003c64       0x68 ./emlib/em_emu.o
 .text.EMU_EnterEM2
                0x00003ccc       0x9c ./emlib/em_emu.o
                0x00003ccc                EMU_EnterEM2
 .text.EMU_EnterEM3
                0x00003d68       0xbc ./emlib/em_emu.o
                0x00003d68                EMU_EnterEM3
 .text.EMU_EnterEM4
                0x00003e24       0x50 ./emlib/em_emu.o
                0x00003e24                EMU_EnterEM4
 .text.EMU_UpdateOscConfig
                0x00003e74       0x1c ./emlib/em_emu.o
                0x00003e74                EMU_UpdateOscConfig
 .text.BUS_RegBitWrite
                0x00003e90       0x2c ./emlib/em_gpio.o
 .text.BUS_RegMaskedWrite
                0x00003ebc       0x28 ./emlib/em_gpio.o
 .text.GPIO_PinOutClear
                0x00003ee4       0x58 ./emlib/em_gpio.o
 .text.GPIO_PinOutSet
                0x00003f3c       0x58 ./emlib/em_gpio.o
 .text.GPIO_DriveModeSet
                0x00003f94       0x70 ./emlib/em_gpio.o
                0x00003f94                GPIO_DriveModeSet
 .text.GPIO_ExtIntConfig
                0x00004004       0xcc ./emlib/em_gpio.o
                0x00004004                GPIO_ExtIntConfig
 .text.GPIO_PinModeSet
                0x000040d0      0x110 ./emlib/em_gpio.o
                0x000040d0                GPIO_PinModeSet
 .text.BUS_RegBitWrite
                0x000041e0       0x2c ./emlib/em_i2c.o
 .text.BUS_RegMaskedWrite
                0x0000420c       0x28 ./emlib/em_i2c.o
 .text.I2C_BusFreqSet
                0x00004234       0xfc ./emlib/em_i2c.o
                0x00004234                I2C_BusFreqSet
 .text.I2C_Init
                0x00004330       0x78 ./emlib/em_i2c.o
                0x00004330                I2C_Init
 .text.BUS_RegBitWrite
                0x000043a8       0x2c ./emlib/em_lesense.o
 .text.LESENSE_Init
                0x000043d4      0x168 ./emlib/em_lesense.o
                0x000043d4                LESENSE_Init
 .text.LESENSE_ScanFreqSet
                0x0000453c       0xbc ./emlib/em_lesense.o
                0x0000453c                LESENSE_ScanFreqSet
 .text.LESENSE_ScanModeSet
                0x000045f8       0x3c ./emlib/em_lesense.o
                0x000045f8                LESENSE_ScanModeSet
 .text.LESENSE_StartDelaySet
                0x00004634       0x34 ./emlib/em_lesense.o
                0x00004634                LESENSE_StartDelaySet
 .text.LESENSE_ClkDivSet
                0x00004668       0x60 ./emlib/em_lesense.o
                0x00004668                LESENSE_ClkDivSet
 .text.LESENSE_ChannelConfig
                0x000046c8      0x168 ./emlib/em_lesense.o
                0x000046c8                LESENSE_ChannelConfig
 .text.LESENSE_ChannelTimingSet
                0x00004830       0x38 ./emlib/em_lesense.o
                0x00004830                LESENSE_ChannelTimingSet
 .text.LESENSE_ChannelThresSet
                0x00004868       0x78 ./emlib/em_lesense.o
                0x00004868                LESENSE_ChannelThresSet
 .text.LESENSE_DecoderStateSet
                0x000048e0       0x20 ./emlib/em_lesense.o
                0x000048e0                LESENSE_DecoderStateSet
 .text.LESENSE_ScanStart
                0x00004900       0x34 ./emlib/em_lesense.o
                0x00004900                LESENSE_ScanStart
 .text.LESENSE_Reset
                0x00004934       0xec ./emlib/em_lesense.o
                0x00004934                LESENSE_Reset
 .text.LETIMER_CompareGet
                0x00004a20       0x50 ./emlib/em_letimer.o
                0x00004a20                LETIMER_CompareGet
 .text.LETIMER_CompareSet
                0x00004a70       0x58 ./emlib/em_letimer.o
                0x00004a70                LETIMER_CompareSet
 .text.LETIMER_Init
                0x00004ac8       0xec ./emlib/em_letimer.o
                0x00004ac8                LETIMER_Init
 .text.LETIMER_RepeatSet
                0x00004bb4       0x58 ./emlib/em_letimer.o
                0x00004bb4                LETIMER_RepeatSet
 .text.LEUART_Sync
                0x00004c0c       0x30 ./emlib/em_leuart.o
 .text.LEUART_BaudrateSet
                0x00004c3c       0x80 ./emlib/em_leuart.o
                0x00004c3c                LEUART_BaudrateSet
 .text.LEUART_FreezeEnable
                0x00004cbc       0x34 ./emlib/em_leuart.o
                0x00004cbc                LEUART_FreezeEnable
 .text.LEUART_Init
                0x00004cf0       0x84 ./emlib/em_leuart.o
                0x00004cf0                LEUART_Init
 .text.LEUART_Reset
                0x00004d74       0x70 ./emlib/em_leuart.o
                0x00004d74                LEUART_Reset
 .text.TIMER_Init
                0x00004de4      0x10c ./emlib/em_timer.o
                0x00004de4                TIMER_Init
 .text          0x00004ef0       0x30 ./CMSIS/efm32lg/startup_gcc_efm32lg.o
                0x00004ef0                Reset_Handler
                0x00004f1c                DebugMon_Handler
                0x00004f1c                USART0_TX_IRQHandler
                0x00004f1c                I2C0_IRQHandler
                0x00004f1c                HardFault_Handler
                0x00004f1c                LEUART1_IRQHandler
                0x00004f1c                SysTick_Handler
                0x00004f1c                USART1_RX_IRQHandler
                0x00004f1c                PendSV_Handler
                0x00004f1c                NMI_Handler
                0x00004f1c                I2C1_IRQHandler
                0x00004f1c                TIMER3_IRQHandler
                0x00004f1c                USART1_TX_IRQHandler
                0x00004f1c                MSC_IRQHandler
                0x00004f1c                ADC0_IRQHandler
                0x00004f1c                UsageFault_Handler
                0x00004f1c                UART0_TX_IRQHandler
                0x00004f1c                UART1_TX_IRQHandler
                0x00004f1c                RTC_IRQHandler
                0x00004f1c                TIMER0_IRQHandler
                0x00004f1c                TIMER2_IRQHandler
                0x00004f1c                LCD_IRQHandler
                0x00004f1c                PCNT2_IRQHandler
                0x00004f1c                UART0_RX_IRQHandler
                0x00004f1c                TIMER1_IRQHandler
                0x00004f1c                USART2_RX_IRQHandler
                0x00004f1c                Default_Handler
                0x00004f1c                EMU_IRQHandler
                0x00004f1c                PCNT0_IRQHandler
                0x00004f1c                USB_IRQHandler
                0x00004f1c                BURTC_IRQHandler
                0x00004f1c                PCNT1_IRQHandler
                0x00004f1c                USART0_RX_IRQHandler
                0x00004f1c                MemManage_Handler
                0x00004f1c                SVC_Handler
                0x00004f1c                DAC0_IRQHandler
                0x00004f1c                UART1_RX_IRQHandler
                0x00004f1c                CMU_IRQHandler
                0x00004f1c                EBI_IRQHandler
                0x00004f1c                AES_IRQHandler
                0x00004f1c                VCMP_IRQHandler
                0x00004f1c                BusFault_Handler
                0x00004f1c                USART2_TX_IRQHandler
 .text.GetProdRev
                0x00004f20       0x1c ./CMSIS/efm32lg/system_efm32lg.o
 .text.SystemCoreClockGet
                0x00004f3c       0x34 ./CMSIS/efm32lg/system_efm32lg.o
                0x00004f3c                SystemCoreClockGet
 .text.SystemMaxCoreClockGet
                0x00004f70       0x14 ./CMSIS/efm32lg/system_efm32lg.o
                0x00004f70                SystemMaxCoreClockGet
 .text.SystemHFClockGet
                0x00004f84      0x100 ./CMSIS/efm32lg/system_efm32lg.o
                0x00004f84                SystemHFClockGet
 .text.SystemHFXOClockGet
                0x00005084       0x18 ./CMSIS/efm32lg/system_efm32lg.o
                0x00005084                SystemHFXOClockGet
 .text.SystemInit
                0x0000509c        0xc ./CMSIS/efm32lg/system_efm32lg.o
                0x0000509c                SystemInit
 .text.SystemLFRCOClockGet
                0x000050a8       0x14 ./CMSIS/efm32lg/system_efm32lg.o
                0x000050a8                SystemLFRCOClockGet
 .text.SystemULFRCOClockGet
                0x000050bc       0x14 ./CMSIS/efm32lg/system_efm32lg.o
                0x000050bc                SystemULFRCOClockGet
 .text.SystemLFXOClockGet
                0x000050d0       0x18 ./CMSIS/efm32lg/system_efm32lg.o
                0x000050d0                SystemLFXOClockGet
 .text          0x000050e8      0x370 c:/siliconlabs/simplicitystudio/v3/developer/toolchains/gnu_arm/4.8_2013q4/bin/../lib/gcc/arm-none-eabi/4.8.3/armv7-m\libgcc.a(_arm_addsubdf3.o)
                0x000050e8                __aeabi_drsub
                0x000050f0                __aeabi_dsub
                0x000050f0                __subdf3
                0x000050f4                __aeabi_dadd
                0x000050f4                __adddf3
                0x0000536c                __floatunsidf
                0x0000536c                __aeabi_ui2d
                0x0000538c                __floatsidf
                0x0000538c                __aeabi_i2d
                0x000053b0                __aeabi_f2d
                0x000053b0                __extendsfdf2
                0x000053ec                __floatundidf
                0x000053ec                __aeabi_ul2d
                0x000053fc                __floatdidf
                0x000053fc                __aeabi_l2d
 .text          0x00005458      0x424 c:/siliconlabs/simplicitystudio/v3/developer/toolchains/gnu_arm/4.8_2013q4/bin/../lib/gcc/arm-none-eabi/4.8.3/armv7-m\libgcc.a(_arm_muldivdf3.o)
                0x00005458                __aeabi_dmul
                0x00005458                __muldf3
                0x000056ac                __divdf3
                0x000056ac                __aeabi_ddiv
 .text          0x0000587c       0x40 c:/siliconlabs/simplicitystudio/v3/developer/toolchains/gnu_arm/4.8_2013q4/bin/../lib/gcc/arm-none-eabi/4.8.3/armv7-m\libgcc.a(_arm_fixunsdfsi.o)
                0x0000587c                __aeabi_d2uiz
                0x0000587c                __fixunsdfsi
 .text          0x000058bc      0x21c c:/siliconlabs/simplicitystudio/v3/developer/toolchains/gnu_arm/4.8_2013q4/bin/../lib/gcc/arm-none-eabi/4.8.3/armv7-m\libgcc.a(_arm_addsubsf3.o)
                0x000058bc                __aeabi_frsub
                0x000058c4                __subsf3
                0x000058c4                __aeabi_fsub
                0x000058c8                __aeabi_fadd
                0x000058c8                __addsf3
                0x00005a28                __aeabi_ui2f
                0x00005a28                __floatunsisf
                0x00005a30                __aeabi_i2f
                0x00005a30                __floatsisf
                0x00005a4c                __aeabi_ul2f
                0x00005a4c                __floatundisf
                0x00005a5c                __aeabi_l2f
                0x00005a5c                __floatdisf
 .text          0x00005ad8      0x2a0 c:/siliconlabs/simplicitystudio/v3/developer/toolchains/gnu_arm/4.8_2013q4/bin/../lib/gcc/arm-none-eabi/4.8.3/armv7-m\libgcc.a(_arm_muldivsf3.o)
                0x00005ad8                __mulsf3
                0x00005ad8                __aeabi_fmul
                0x00005c40                __aeabi_fdiv
                0x00005c40                __divsf3
 .text          0x00005d78       0xec c:/siliconlabs/simplicitystudio/v3/developer/toolchains/gnu_arm/4.8_2013q4/bin/../lib/gcc/arm-none-eabi/4.8.3/armv7-m\libgcc.a(_arm_cmpsf2.o)
                0x00005d78                __gesf2
                0x00005d78                __gtsf2
                0x00005d80                __lesf2
                0x00005d80                __ltsf2
                0x00005d88                __nesf2
                0x00005d88                __eqsf2
                0x00005d88                __cmpsf2
                0x00005de8                __aeabi_cfrcmple
                0x00005df0                __aeabi_cfcmpeq
                0x00005df0                __aeabi_cfcmple
                0x00005e00                __aeabi_fcmpeq
                0x00005e14                __aeabi_fcmplt
                0x00005e28                __aeabi_fcmple
                0x00005e3c                __aeabi_fcmpge
                0x00005e50                __aeabi_fcmpgt
 .text          0x00005e64       0x40 c:/siliconlabs/simplicitystudio/v3/developer/toolchains/gnu_arm/4.8_2013q4/bin/../lib/gcc/arm-none-eabi/4.8.3/armv7-m\libgcc.a(_arm_fixunssfsi.o)
                0x00005e64                __fixunssfsi
                0x00005e64                __aeabi_f2uiz
 .text.exit     0x00005ea4       0x28 c:/siliconlabs/simplicitystudio/v3/developer/toolchains/gnu_arm/4.8_2013q4/bin/../lib/gcc/arm-none-eabi/4.8.3/../../../../arm-none-eabi/lib/armv7-m\libc_s.a(lib_a-exit.o)
                0x00005ea4                exit
 .text.__libc_init_array
                0x00005ecc       0x4c c:/siliconlabs/simplicitystudio/v3/developer/toolchains/gnu_arm/4.8_2013q4/bin/../lib/gcc/arm-none-eabi/4.8.3/../../../../arm-none-eabi/lib/armv7-m\libc_s.a(lib_a-init.o)
                0x00005ecc                __libc_init_array
 .text.memcpy   0x00005f18       0x12 c:/siliconlabs/simplicitystudio/v3/developer/toolchains/gnu_arm/4.8_2013q4/bin/../lib/gcc/arm-none-eabi/4.8.3/../../../../arm-none-eabi/lib/armv7-m\libc_s.a(lib_a-memcpy-stub.o)
                0x00005f18                memcpy
 .text.memset   0x00005f2a       0x10 c:/siliconlabs/simplicitystudio/v3/developer/toolchains/gnu_arm/4.8_2013q4/bin/../lib/gcc/arm-none-eabi/4.8.3/../../../../arm-none-eabi/lib/armv7-m\libc_s.a(lib_a-memset.o)
                0x00005f2a                memset
 *fill*         0x00005f3a        0x2 
 .text._exit    0x00005f3c        0x4 c:/siliconlabs/simplicitystudio/v3/developer/toolchains/gnu_arm/4.8_2013q4/bin/../lib/gcc/arm-none-eabi/4.8.3/../../../../arm-none-eabi/lib/armv7-m\libnosys.a(_exit.o)
                0x00005f3c                _exit
 *(.init)
 .init          0x00005f40        0x4 c:/siliconlabs/simplicitystudio/v3/developer/toolchains/gnu_arm/4.8_2013q4/bin/../lib/gcc/arm-none-eabi/4.8.3/armv7-m/crti.o
                0x00005f40                _init
 .init          0x00005f44        0x8 c:/siliconlabs/simplicitystudio/v3/developer/toolchains/gnu_arm/4.8_2013q4/bin/../lib/gcc/arm-none-eabi/4.8.3/armv7-m/crtn.o
 *(.fini)
 .fini          0x00005f4c        0x4 c:/siliconlabs/simplicitystudio/v3/developer/toolchains/gnu_arm/4.8_2013q4/bin/../lib/gcc/arm-none-eabi/4.8.3/armv7-m/crti.o
                0x00005f4c                _fini
 .fini          0x00005f50        0x8 c:/siliconlabs/simplicitystudio/v3/developer/toolchains/gnu_arm/4.8_2013q4/bin/../lib/gcc/arm-none-eabi/4.8.3/armv7-m/crtn.o
 *crtbegin.o(.ctors)
 *crtbegin?.o(.ctors)
 *(EXCLUDE_FILE(*crtend.o *crtend?.o) .ctors)
 *(SORT(.ctors.*))
 *(.ctors)
 *crtbegin.o(.dtors)
 *crtbegin?.o(.dtors)
 *(EXCLUDE_FILE(*crtend.o *crtend?.o) .dtors)
 *(SORT(.dtors.*))
 *(.dtors)
 *(.rodata*)
 .rodata.ledArray
                0x00005f58       0x10 ./src/main.o
 .rodata        0x00005f68       0x68 ./src/main.o
 .rodata.acmpInit.8559
                0x00005fd0       0x14 ./src/main.o
 .rodata.initLesense.8564
                0x00005fe4       0x40 ./src/main.o
 .rodata.initLesenseCh.8565
                0x00006024       0x20 ./src/main.o
 .rodata.i2cNSum
                0x00006044        0x4 ./emlib/em_i2c.o
 .rodata.str1.1
                0x00006048        0x2 c:/siliconlabs/simplicitystudio/v3/developer/toolchains/gnu_arm/4.8_2013q4/bin/../lib/gcc/arm-none-eabi/4.8.3/../../../../arm-none-eabi/lib/armv7-m\libc_s.a(lib_a-impure.o)
 *fill*         0x0000604a        0x2 
 .rodata._global_impure_ptr
                0x0000604c        0x4 c:/siliconlabs/simplicitystudio/v3/developer/toolchains/gnu_arm/4.8_2013q4/bin/../lib/gcc/arm-none-eabi/4.8.3/../../../../arm-none-eabi/lib/armv7-m\libc_s.a(lib_a-impure.o)
                0x0000604c                _global_impure_ptr
 *(.eh_frame*)
 .eh_frame      0x00006050        0x0 c:/siliconlabs/simplicitystudio/v3/developer/toolchains/gnu_arm/4.8_2013q4/bin/../lib/gcc/arm-none-eabi/4.8.3/armv7-m/crtbegin.o
 .eh_frame      0x00006050        0x4 c:/siliconlabs/simplicitystudio/v3/developer/toolchains/gnu_arm/4.8_2013q4/bin/../lib/gcc/arm-none-eabi/4.8.3/armv7-m/crtend.o

.glue_7         0x00006054        0x0
 .glue_7        0x00000000        0x0 linker stubs

.glue_7t        0x00006054        0x0
 .glue_7t       0x00000000        0x0 linker stubs

.vfp11_veneer   0x00006054        0x0
 .vfp11_veneer  0x00000000        0x0 linker stubs

.v4_bx          0x00006054        0x0
 .v4_bx         0x00000000        0x0 linker stubs

.iplt           0x00006054        0x0
 .iplt          0x00000000        0x0 c:/siliconlabs/simplicitystudio/v3/developer/toolchains/gnu_arm/4.8_2013q4/bin/../lib/gcc/arm-none-eabi/4.8.3/armv7-m/crtbegin.o

.ARM.extab
 *(.ARM.extab* .gnu.linkonce.armextab.*)
                0x00006054                __exidx_start = .

.ARM.exidx      0x00006054        0x8
 *(.ARM.exidx* .gnu.linkonce.armexidx.*)
 .ARM.exidx     0x00006054        0x8 c:/siliconlabs/simplicitystudio/v3/developer/toolchains/gnu_arm/4.8_2013q4/bin/../lib/gcc/arm-none-eabi/4.8.3/../../../../arm-none-eabi/lib/armv7-m/crt0.o
                0x0000605c                __exidx_end = .
                0x0000605c                __etext = .

.rel.dyn        0x0000605c        0x0
 .rel.iplt      0x00000000        0x0 c:/siliconlabs/simplicitystudio/v3/developer/toolchains/gnu_arm/4.8_2013q4/bin/../lib/gcc/arm-none-eabi/4.8.3/armv7-m/crtbegin.o

.data           0x20000000       0x94 load address 0x0000605c
                0x20000000                __data_start__ = .
 *(vtable)
 *(.data*)
 .data.letimer_sleep
                0x20000000        0x1 ./src/main.o
                0x20000000                letimer_sleep
 .data.adc_sleep
                0x20000001        0x1 ./src/main.o
                0x20000001                adc_sleep
 .data.external_lightsensor_sleep
                0x20000002        0x1 ./src/main.o
                0x20000002                external_lightsensor_sleep
 .data.sleep_mode_0
                0x20000003        0x1 ./src/main.o
                0x20000003                sleep_mode_0
 .data.raghu_ID
                0x20000004        0xc ./src/main.o
                0x20000004                raghu_ID
 .data.leuart0Init
                0x20000010       0x10 ./src/main.o
                0x20000010                leuart0Init
 .data.SystemHFXOClock
                0x20000020        0x4 ./CMSIS/efm32lg/system_efm32lg.o
 .data.SystemLFXOClock
                0x20000024        0x4 ./CMSIS/efm32lg/system_efm32lg.o
 .data.impure_data
                0x20000028       0x60 c:/siliconlabs/simplicitystudio/v3/developer/toolchains/gnu_arm/4.8_2013q4/bin/../lib/gcc/arm-none-eabi/4.8.3/../../../../arm-none-eabi/lib/armv7-m\libc_s.a(lib_a-impure.o)
                0x20000088                . = ALIGN (0x4)
 *(.ram)
                0x20000088                . = ALIGN (0x4)
                0x20000088                PROVIDE (__preinit_array_start, .)
 *(.preinit_array)
                0x20000088                PROVIDE (__preinit_array_end, .)
                0x20000088                . = ALIGN (0x4)
                0x20000088                PROVIDE (__init_array_start, .)
 *(SORT(.init_array.*))
 *(.init_array)
 .init_array    0x20000088        0x4 c:/siliconlabs/simplicitystudio/v3/developer/toolchains/gnu_arm/4.8_2013q4/bin/../lib/gcc/arm-none-eabi/4.8.3/armv7-m/crtbegin.o
                0x2000008c                PROVIDE (__init_array_end, .)
                0x2000008c                . = ALIGN (0x4)
                0x2000008c                PROVIDE (__fini_array_start, .)
 *(SORT(.fini_array.*))
 *(.fini_array)
 .fini_array    0x2000008c        0x4 c:/siliconlabs/simplicitystudio/v3/developer/toolchains/gnu_arm/4.8_2013q4/bin/../lib/gcc/arm-none-eabi/4.8.3/armv7-m/crtbegin.o
                0x20000090                PROVIDE (__fini_array_end, .)
 *(.jcr*)
 .jcr           0x20000090        0x0 c:/siliconlabs/simplicitystudio/v3/developer/toolchains/gnu_arm/4.8_2013q4/bin/../lib/gcc/arm-none-eabi/4.8.3/armv7-m/crtbegin.o
 .jcr           0x20000090        0x4 c:/siliconlabs/simplicitystudio/v3/developer/toolchains/gnu_arm/4.8_2013q4/bin/../lib/gcc/arm-none-eabi/4.8.3/armv7-m/crtend.o
                0x20000094                . = ALIGN (0x4)
                0x20000094                __data_end__ = .

.igot.plt       0x20000094        0x0 load address 0x000060f0
 .igot.plt      0x00000000        0x0 c:/siliconlabs/simplicitystudio/v3/developer/toolchains/gnu_arm/4.8_2013q4/bin/../lib/gcc/arm-none-eabi/4.8.3/armv7-m/crtbegin.o

.bss            0x20000100      0xab0 load address 0x00006200
                0x20000100                . = ALIGN (0x4)
                0x20000100                __bss_start__ = .
 *(.bss*)
 .bss           0x20000100       0x1c c:/siliconlabs/simplicitystudio/v3/developer/toolchains/gnu_arm/4.8_2013q4/bin/../lib/gcc/arm-none-eabi/4.8.3/armv7-m/crtbegin.o
 .bss.sleep_block_counter
                0x2000011c       0x18 ./src/main.o
                0x2000011c                sleep_block_counter
 .bss.osc_ratio
                0x20000134        0x4 ./src/main.o
                0x20000134                osc_ratio
 .bss.ULFRCO_per_second
                0x20000138        0x4 ./src/main.o
                0x20000138                ULFRCO_per_second
 .bss.overall_mode
                0x2000013c        0x4 ./src/main.o
                0x2000013c                overall_mode
 .bss.ringbuffer_tail
                0x20000140        0x4 ./src/main.o
                0x20000140                ringbuffer_tail
 .bss.ringbuffer_head
                0x20000144        0x4 ./src/main.o
                0x20000144                ringbuffer_head
 .bss.classic_mode
                0x20000148        0x4 ./src/main.o
                0x20000148                classic_mode
 .bss.classic_received
                0x2000014c        0x4 ./src/main.o
                0x2000014c                classic_received
 .bss.calibration_value
                0x20000150      0x140 ./src/main.o
 .bss.buttons_pressed
                0x20000290        0x2 ./src/main.o
 *fill*         0x20000292        0x2 
 .bss.channel_max_value
                0x20000294       0x20 ./src/main.o
 .bss.channel_min_value
                0x200002b4       0x20 ./src/main.o
 .bss.channels_used_mask
                0x200002d4        0x2 ./src/main.o
 .bss.num_channels_used
                0x200002d6        0x1 ./src/main.o
 *fill*         0x200002d7        0x1 
 .bss.channel_threshold_percent
                0x200002d8       0x40 ./src/main.o
 .bss.received_value.7888
                0x20000318        0x1 ./src/main.o
 *fill*         0x20000319        0x3 
 .bss.count_newline.7885
                0x2000031c        0x4 ./src/main.o
 .bss.count_devices.7886
                0x20000320        0x4 ./src/main.o
 .bss.count_bid_name.7887
                0x20000324        0x4 ./src/main.o
 .bss.count_bid.7889
                0x20000328        0x4 ./src/main.o
 .bss.count_name.7890
                0x2000032c        0x4 ./src/main.o
 .bss.calibration_value_index.8582
                0x20000330        0x1 ./src/main.o
 *fill*         0x20000331        0x3 
 .bss.cmuStatus
                0x20000334        0x4 ./emlib/em_emu.o
 .bss.INT_LockCnt
                0x20000338        0x4 ./emlib/em_int.o
                0x20000338                INT_LockCnt
 *(COMMON)
 *fill*         0x2000033c       0xc4 
 COMMON         0x20000400      0x200 ./src/dmactrl.o
                0x20000400                dmaControlBlock
 COMMON         0x20000600      0x5a9 ./src/main.o
                0x20000600                ten_ms
                0x20000604                external_lightsensor_mode
                0x20000608                verify_CMD
                0x20000610                ADC_cb
                0x2000061c                bluetooth_ID
                0x20000694                devices_found
                0x20000698                command_mode_start_count
                0x2000069c                one_ms
                0x200006a0                ringbuffer_data
                0x200006b0                ontime_count
                0x200006b4                samples
                0x200009d4                scan_result
                0x20000a9c                verify_END
                0x20000aa4                offtime_count
                0x20000aa8                bluetooth_name
                0x20000ba4                regular_buffer
 *fill*         0x20000ba9        0x3 
 COMMON         0x20000bac        0x4 ./CMSIS/efm32lg/system_efm32lg.o
                0x20000bac                SystemCoreClock
                0x20000bb0                . = ALIGN (0x4)
                0x20000bb0                __bss_end__ = .

.heap           0x20000bb0      0xc00
                0x20000bb0                __HeapBase = .
                0x20000bb0                __end__ = .
                0x20000bb0                end = __end__
                0x20000bb0                _end = __end__
 *(.heap*)
 .heap          0x20000bb0      0xc00 ./CMSIS/efm32lg/startup_gcc_efm32lg.o
                0x200017b0                __HeapLimit = .

.stack_dummy    0x20000bb0      0x400
 *(.stack*)
 .stack         0x20000bb0      0x400 ./CMSIS/efm32lg/startup_gcc_efm32lg.o
                0x20008000                __StackTop = (ORIGIN (RAM) + 0x8000)
                0x20007c00                __StackLimit = (__StackTop - SIZEOF (.stack_dummy))
                0x20008000                PROVIDE (__stack, __StackTop)
                0x00000001                ASSERT ((__StackLimit >= __HeapLimit), region RAM overflowed with stack)
                0x00000001                ASSERT ((0x40000 >= (__etext + SIZEOF (.data))), FLASH memory overflowed !)
OUTPUT(Final-project-jangam.axf elf32-littlearm)

.ARM.attributes
                0x00000000       0x29
 .ARM.attributes
                0x00000000       0x1d c:/siliconlabs/simplicitystudio/v3/developer/toolchains/gnu_arm/4.8_2013q4/bin/../lib/gcc/arm-none-eabi/4.8.3/armv7-m/crti.o
 .ARM.attributes
                0x0000001d       0x2d c:/siliconlabs/simplicitystudio/v3/developer/toolchains/gnu_arm/4.8_2013q4/bin/../lib/gcc/arm-none-eabi/4.8.3/armv7-m/crtbegin.o
 .ARM.attributes
                0x0000004a       0x1b c:/siliconlabs/simplicitystudio/v3/developer/toolchains/gnu_arm/4.8_2013q4/bin/../lib/gcc/arm-none-eabi/4.8.3/../../../../arm-none-eabi/lib/armv7-m/crt0.o
 .ARM.attributes
                0x00000065       0x33 ./src/dmactrl.o
 .ARM.attributes
                0x00000098       0x33 ./src/main.o
 .ARM.attributes
                0x000000cb       0x33 ./emlib/em_acmp.o
 .ARM.attributes
                0x000000fe       0x33 ./emlib/em_adc.o
 .ARM.attributes
                0x00000131       0x33 ./emlib/em_cmu.o
 .ARM.attributes
                0x00000164       0x33 ./emlib/em_dma.o
 .ARM.attributes
                0x00000197       0x33 ./emlib/em_emu.o
 .ARM.attributes
                0x000001ca       0x33 ./emlib/em_gpio.o
 .ARM.attributes
                0x000001fd       0x33 ./emlib/em_i2c.o
 .ARM.attributes
                0x00000230       0x33 ./emlib/em_int.o
 .ARM.attributes
                0x00000263       0x33 ./emlib/em_lesense.o
 .ARM.attributes
                0x00000296       0x33 ./emlib/em_letimer.o
 .ARM.attributes
                0x000002c9       0x33 ./emlib/em_leuart.o
 .ARM.attributes
                0x000002fc       0x33 ./emlib/em_timer.o
 .ARM.attributes
                0x0000032f       0x1b ./CMSIS/efm32lg/startup_gcc_efm32lg.o
 .ARM.attributes
                0x0000034a       0x33 ./CMSIS/efm32lg/system_efm32lg.o
 .ARM.attributes
                0x0000037d       0x1d c:/siliconlabs/simplicitystudio/v3/developer/toolchains/gnu_arm/4.8_2013q4/bin/../lib/gcc/arm-none-eabi/4.8.3/armv7-m\libgcc.a(_arm_addsubdf3.o)
 .ARM.attributes
                0x0000039a       0x1d c:/siliconlabs/simplicitystudio/v3/developer/toolchains/gnu_arm/4.8_2013q4/bin/../lib/gcc/arm-none-eabi/4.8.3/armv7-m\libgcc.a(_arm_muldivdf3.o)
 .ARM.attributes
                0x000003b7       0x1d c:/siliconlabs/simplicitystudio/v3/developer/toolchains/gnu_arm/4.8_2013q4/bin/../lib/gcc/arm-none-eabi/4.8.3/armv7-m\libgcc.a(_arm_fixunsdfsi.o)
 .ARM.attributes
                0x000003d4       0x1d c:/siliconlabs/simplicitystudio/v3/developer/toolchains/gnu_arm/4.8_2013q4/bin/../lib/gcc/arm-none-eabi/4.8.3/armv7-m\libgcc.a(_arm_addsubsf3.o)
 .ARM.attributes
                0x000003f1       0x1d c:/siliconlabs/simplicitystudio/v3/developer/toolchains/gnu_arm/4.8_2013q4/bin/../lib/gcc/arm-none-eabi/4.8.3/armv7-m\libgcc.a(_arm_muldivsf3.o)
 .ARM.attributes
                0x0000040e       0x1d c:/siliconlabs/simplicitystudio/v3/developer/toolchains/gnu_arm/4.8_2013q4/bin/../lib/gcc/arm-none-eabi/4.8.3/armv7-m\libgcc.a(_arm_cmpsf2.o)
 .ARM.attributes
                0x0000042b       0x1d c:/siliconlabs/simplicitystudio/v3/developer/toolchains/gnu_arm/4.8_2013q4/bin/../lib/gcc/arm-none-eabi/4.8.3/armv7-m\libgcc.a(_arm_fixunssfsi.o)
 .ARM.attributes
                0x00000448       0x2d c:/siliconlabs/simplicitystudio/v3/developer/toolchains/gnu_arm/4.8_2013q4/bin/../lib/gcc/arm-none-eabi/4.8.3/../../../../arm-none-eabi/lib/armv7-m\libc_s.a(lib_a-exit.o)
 .ARM.attributes
                0x00000475       0x2d c:/siliconlabs/simplicitystudio/v3/developer/toolchains/gnu_arm/4.8_2013q4/bin/../lib/gcc/arm-none-eabi/4.8.3/../../../../arm-none-eabi/lib/armv7-m\libc_s.a(lib_a-impure.o)
 .ARM.attributes
                0x000004a2       0x2d c:/siliconlabs/simplicitystudio/v3/developer/toolchains/gnu_arm/4.8_2013q4/bin/../lib/gcc/arm-none-eabi/4.8.3/../../../../arm-none-eabi/lib/armv7-m\libc_s.a(lib_a-init.o)
 .ARM.attributes
                0x000004cf       0x2d c:/siliconlabs/simplicitystudio/v3/developer/toolchains/gnu_arm/4.8_2013q4/bin/../lib/gcc/arm-none-eabi/4.8.3/../../../../arm-none-eabi/lib/armv7-m\libc_s.a(lib_a-memcpy-stub.o)
 .ARM.attributes
                0x000004fc       0x2d c:/siliconlabs/simplicitystudio/v3/developer/toolchains/gnu_arm/4.8_2013q4/bin/../lib/gcc/arm-none-eabi/4.8.3/../../../../arm-none-eabi/lib/armv7-m\libc_s.a(lib_a-memset.o)
 .ARM.attributes
                0x00000529       0x2d c:/siliconlabs/simplicitystudio/v3/developer/toolchains/gnu_arm/4.8_2013q4/bin/../lib/gcc/arm-none-eabi/4.8.3/../../../../arm-none-eabi/lib/armv7-m\libnosys.a(_exit.o)
 .ARM.attributes
                0x00000556       0x2d c:/siliconlabs/simplicitystudio/v3/developer/toolchains/gnu_arm/4.8_2013q4/bin/../lib/gcc/arm-none-eabi/4.8.3/armv7-m/crtend.o
 .ARM.attributes
                0x00000583       0x1d c:/siliconlabs/simplicitystudio/v3/developer/toolchains/gnu_arm/4.8_2013q4/bin/../lib/gcc/arm-none-eabi/4.8.3/armv7-m/crtn.o

.comment        0x00000000       0x70
 .comment       0x00000000       0x70 ./src/dmactrl.o
                                 0x71 (size before relaxing)
 .comment       0x00000000       0x71 ./src/main.o
 .comment       0x00000000       0x71 ./emlib/em_acmp.o
 .comment       0x00000000       0x71 ./emlib/em_adc.o
 .comment       0x00000000       0x71 ./emlib/em_cmu.o
 .comment       0x00000000       0x71 ./emlib/em_dma.o
 .comment       0x00000000       0x71 ./emlib/em_emu.o
 .comment       0x00000000       0x71 ./emlib/em_gpio.o
 .comment       0x00000000       0x71 ./emlib/em_i2c.o
 .comment       0x00000000       0x71 ./emlib/em_int.o
 .comment       0x00000000       0x71 ./emlib/em_lesense.o
 .comment       0x00000000       0x71 ./emlib/em_letimer.o
 .comment       0x00000000       0x71 ./emlib/em_leuart.o
 .comment       0x00000000       0x71 ./emlib/em_timer.o
 .comment       0x00000000       0x71 ./CMSIS/efm32lg/system_efm32lg.o

.debug_info     0x00000000     0xc83b
 .debug_info    0x00000000      0x113 ./src/dmactrl.o
 .debug_info    0x00000113     0x438f ./src/main.o
 .debug_info    0x000044a2      0x62a ./emlib/em_acmp.o
 .debug_info    0x00004acc      0xa70 ./emlib/em_adc.o
 .debug_info    0x0000553c     0x1390 ./emlib/em_cmu.o
 .debug_info    0x000068cc     0x12bd ./emlib/em_dma.o
 .debug_info    0x00007b89      0xd80 ./emlib/em_emu.o
 .debug_info    0x00008909      0x648 ./emlib/em_gpio.o
 .debug_info    0x00008f51      0x841 ./emlib/em_i2c.o
 .debug_info    0x00009792       0xa6 ./emlib/em_int.o
 .debug_info    0x00009838     0x13ff ./emlib/em_lesense.o
 .debug_info    0x0000ac37      0x502 ./emlib/em_letimer.o
 .debug_info    0x0000b139      0x828 ./emlib/em_leuart.o
 .debug_info    0x0000b961      0x8cd ./emlib/em_timer.o
 .debug_info    0x0000c22e       0xac ./CMSIS/efm32lg/startup_gcc_efm32lg.o
 .debug_info    0x0000c2da      0x561 ./CMSIS/efm32lg/system_efm32lg.o

.debug_abbrev   0x00000000     0x1d5b
 .debug_abbrev  0x00000000       0x98 ./src/dmactrl.o
 .debug_abbrev  0x00000098      0x4b0 ./src/main.o
 .debug_abbrev  0x00000548      0x1bb ./emlib/em_acmp.o
 .debug_abbrev  0x00000703      0x1b0 ./emlib/em_adc.o
 .debug_abbrev  0x000008b3      0x2f8 ./emlib/em_cmu.o
 .debug_abbrev  0x00000bab      0x23b ./emlib/em_dma.o
 .debug_abbrev  0x00000de6      0x254 ./emlib/em_emu.o
 .debug_abbrev  0x0000103a      0x1cf ./emlib/em_gpio.o
 .debug_abbrev  0x00001209      0x24c ./emlib/em_i2c.o
 .debug_abbrev  0x00001455       0x5c ./emlib/em_int.o
 .debug_abbrev  0x000014b1      0x230 ./emlib/em_lesense.o
 .debug_abbrev  0x000016e1      0x1a3 ./emlib/em_letimer.o
 .debug_abbrev  0x00001884      0x1bb ./emlib/em_leuart.o
 .debug_abbrev  0x00001a3f      0x19b ./emlib/em_timer.o
 .debug_abbrev  0x00001bda       0x14 ./CMSIS/efm32lg/startup_gcc_efm32lg.o
 .debug_abbrev  0x00001bee      0x16d ./CMSIS/efm32lg/system_efm32lg.o

.debug_aranges  0x00000000      0xa40
 .debug_aranges
                0x00000000       0x18 ./src/dmactrl.o
 .debug_aranges
                0x00000018      0x330 ./src/main.o
 .debug_aranges
                0x00000348       0x68 ./emlib/em_acmp.o
 .debug_aranges
                0x000003b0       0x50 ./emlib/em_adc.o
 .debug_aranges
                0x00000400      0x168 ./emlib/em_cmu.o
 .debug_aranges
                0x00000568       0xc0 ./emlib/em_dma.o
 .debug_aranges
                0x00000628       0xa8 ./emlib/em_emu.o
 .debug_aranges
                0x000006d0       0x70 ./emlib/em_gpio.o
 .debug_aranges
                0x00000740       0x60 ./emlib/em_i2c.o
 .debug_aranges
                0x000007a0       0x18 ./emlib/em_int.o
 .debug_aranges
                0x000007b8       0xc8 ./emlib/em_lesense.o
 .debug_aranges
                0x00000880       0x58 ./emlib/em_letimer.o
 .debug_aranges
                0x000008d8       0x88 ./emlib/em_leuart.o
 .debug_aranges
                0x00000960       0x50 ./emlib/em_timer.o
 .debug_aranges
                0x000009b0       0x20 ./CMSIS/efm32lg/startup_gcc_efm32lg.o
 .debug_aranges
                0x000009d0       0x70 ./CMSIS/efm32lg/system_efm32lg.o

.debug_line     0x00000000     0x47e5
 .debug_line    0x00000000      0x16f ./src/dmactrl.o
 .debug_line    0x0000016f     0x1273 ./src/main.o
 .debug_line    0x000013e2      0x32e ./emlib/em_acmp.o
 .debug_line    0x00001710      0x2ec ./emlib/em_adc.o
 .debug_line    0x000019fc      0x930 ./emlib/em_cmu.o
 .debug_line    0x0000232c      0x4bc ./emlib/em_dma.o
 .debug_line    0x000027e8      0x47d ./emlib/em_emu.o
 .debug_line    0x00002c65      0x348 ./emlib/em_gpio.o
 .debug_line    0x00002fad      0x3b3 ./emlib/em_i2c.o
 .debug_line    0x00003360       0xf6 ./emlib/em_int.o
 .debug_line    0x00003456      0x5cb ./emlib/em_lesense.o
 .debug_line    0x00003a21      0x2d7 ./emlib/em_letimer.o
 .debug_line    0x00003cf8      0x360 ./emlib/em_leuart.o
 .debug_line    0x00004058      0x4a3 ./emlib/em_timer.o
 .debug_line    0x000044fb       0x72 ./CMSIS/efm32lg/startup_gcc_efm32lg.o
 .debug_line    0x0000456d      0x278 ./CMSIS/efm32lg/system_efm32lg.o

.debug_str      0x00000000     0x5905
 .debug_str     0x00000000      0x1e8 ./src/dmactrl.o
                                0x229 (size before relaxing)
 .debug_str     0x000001e8     0x3530 ./src/main.o
                               0x3840 (size before relaxing)
 .debug_str     0x00003718       0xef ./emlib/em_acmp.o
                                0x654 (size before relaxing)
 .debug_str     0x00003807      0x145 ./emlib/em_adc.o
                                0xbcc (size before relaxing)
 .debug_str     0x0000394c      0x8bf ./emlib/em_cmu.o
                                0xfaf (size before relaxing)
 .debug_str     0x0000420b      0x2c6 ./emlib/em_dma.o
                                0xd6b (size before relaxing)
 .debug_str     0x000044d1      0x416 ./emlib/em_emu.o
                                0x83f (size before relaxing)
 .debug_str     0x000048e7       0xdf ./emlib/em_gpio.o
                                0x5f7 (size before relaxing)
 .debug_str     0x000049c6      0x27c ./emlib/em_i2c.o
                                0x7ee (size before relaxing)
 .debug_str     0x00004c42       0x12 ./emlib/em_int.o
                                0x1f7 (size before relaxing)
 .debug_str     0x00004c54      0x53d ./emlib/em_lesense.o
                               0x1599 (size before relaxing)
 .debug_str     0x00005191       0xb3 ./emlib/em_letimer.o
                                0x439 (size before relaxing)
 .debug_str     0x00005244      0x116 ./emlib/em_leuart.o
                                0x770 (size before relaxing)
 .debug_str     0x0000535a      0x49f ./emlib/em_timer.o
                                0x97f (size before relaxing)
 .debug_str     0x000057f9      0x10c ./CMSIS/efm32lg/system_efm32lg.o
                                0x4a6 (size before relaxing)

.debug_loc      0x00000000     0x3a60
 .debug_loc     0x00000000     0x142c ./src/main.o
 .debug_loc     0x0000142c      0x230 ./emlib/em_acmp.o
 .debug_loc     0x0000165c      0x188 ./emlib/em_adc.o
 .debug_loc     0x000017e4      0x8d0 ./emlib/em_cmu.o
 .debug_loc     0x000020b4      0x498 ./emlib/em_dma.o
 .debug_loc     0x0000254c      0x3b4 ./emlib/em_emu.o
 .debug_loc     0x00002900      0x268 ./emlib/em_gpio.o
 .debug_loc     0x00002b68      0x1f8 ./emlib/em_i2c.o
 .debug_loc     0x00002d60      0x494 ./emlib/em_lesense.o
 .debug_loc     0x000031f4      0x1c0 ./emlib/em_letimer.o
 .debug_loc     0x000033b4      0x310 ./emlib/em_leuart.o
 .debug_loc     0x000036c4      0x188 ./emlib/em_timer.o
 .debug_loc     0x0000384c      0x214 ./CMSIS/efm32lg/system_efm32lg.o

.debug_ranges   0x00000000      0x920
 .debug_ranges  0x00000000      0x320 ./src/main.o
 .debug_ranges  0x00000320       0x58 ./emlib/em_acmp.o
 .debug_ranges  0x00000378       0x40 ./emlib/em_adc.o
 .debug_ranges  0x000003b8      0x158 ./emlib/em_cmu.o
 .debug_ranges  0x00000510       0xb0 ./emlib/em_dma.o
 .debug_ranges  0x000005c0       0x98 ./emlib/em_emu.o
 .debug_ranges  0x00000658       0x60 ./emlib/em_gpio.o
 .debug_ranges  0x000006b8       0x50 ./emlib/em_i2c.o
 .debug_ranges  0x00000708       0xb8 ./emlib/em_lesense.o
 .debug_ranges  0x000007c0       0x48 ./emlib/em_letimer.o
 .debug_ranges  0x00000808       0x78 ./emlib/em_leuart.o
 .debug_ranges  0x00000880       0x40 ./emlib/em_timer.o
 .debug_ranges  0x000008c0       0x60 ./CMSIS/efm32lg/system_efm32lg.o

.debug_frame    0x00000000     0x216c
 .debug_frame   0x00000000      0xb6c ./src/main.o
 .debug_frame   0x00000b6c      0x138 ./emlib/em_acmp.o
 .debug_frame   0x00000ca4       0xec ./emlib/em_adc.o
 .debug_frame   0x00000d90      0x4dc ./emlib/em_cmu.o
 .debug_frame   0x0000126c      0x27c ./emlib/em_dma.o
 .debug_frame   0x000014e8      0x210 ./emlib/em_emu.o
 .debug_frame   0x000016f8      0x154 ./emlib/em_gpio.o
 .debug_frame   0x0000184c      0x120 ./emlib/em_i2c.o
 .debug_frame   0x0000196c      0x284 ./emlib/em_lesense.o
 .debug_frame   0x00001bf0       0xf4 ./emlib/em_letimer.o
 .debug_frame   0x00001ce4      0x1bc ./emlib/em_leuart.o
 .debug_frame   0x00001ea0       0xd8 ./emlib/em_timer.o
 .debug_frame   0x00001f78      0x138 ./CMSIS/efm32lg/system_efm32lg.o
 .debug_frame   0x000020b0       0x28 c:/siliconlabs/simplicitystudio/v3/developer/toolchains/gnu_arm/4.8_2013q4/bin/../lib/gcc/arm-none-eabi/4.8.3/../../../../arm-none-eabi/lib/armv7-m\libc_s.a(lib_a-exit.o)
 .debug_frame   0x000020d8       0x2c c:/siliconlabs/simplicitystudio/v3/developer/toolchains/gnu_arm/4.8_2013q4/bin/../lib/gcc/arm-none-eabi/4.8.3/../../../../arm-none-eabi/lib/armv7-m\libc_s.a(lib_a-init.o)
 .debug_frame   0x00002104       0x28 c:/siliconlabs/simplicitystudio/v3/developer/toolchains/gnu_arm/4.8_2013q4/bin/../lib/gcc/arm-none-eabi/4.8.3/../../../../arm-none-eabi/lib/armv7-m\libc_s.a(lib_a-memcpy-stub.o)
 .debug_frame   0x0000212c       0x20 c:/siliconlabs/simplicitystudio/v3/developer/toolchains/gnu_arm/4.8_2013q4/bin/../lib/gcc/arm-none-eabi/4.8.3/../../../../arm-none-eabi/lib/armv7-m\libc_s.a(lib_a-memset.o)
 .debug_frame   0x0000214c       0x20 c:/siliconlabs/simplicitystudio/v3/developer/toolchains/gnu_arm/4.8_2013q4/bin/../lib/gcc/arm-none-eabi/4.8.3/../../../../arm-none-eabi/lib/armv7-m\libnosys.a(_exit.o)
